
> sistema-gestion-front@0.0.0 build
> ng build

[33mÔØ»[39m Building...
[32mÔ£ö[39m Building...
[1mInitial chunk files[22m  [2m | [22m[1mNames[22m        [2m | [22m[1mRaw size[22m[2m | [22m[1mEstimated transfer size[22m
[32mmain-NQ7KMBH7.js[39m     [2m | [22m[2mmain[22m         [2m | [22m [36m1.66 MB[39m[2m | [22m              [36m191.57 kB[39m
[32mstyles-QIJDW4MK.css[39m  [2m | [22m[2mstyles[22m       [2m | [22m[36m44.78 kB[39m[2m | [22m                [36m5.97 kB[39m
[32mpolyfills-B6TNHZQ6.js[39m[2m | [22m[2mpolyfills[22m    [2m | [22m[36m34.58 kB[39m[2m | [22m               [36m11.32 kB[39m

[1m [22m                    [2m | [22m[1mInitial total[22m[2m | [22m [1m[91m1.74 MB[39m[22m[2m | [22m              [1m208.86 kB[22m

Application bundle generation failed. [15.680 seconds]

node.exe : [1m[33m[33mÔû▓ [43;33m[[43;30mWARNING[43;33m][0m [1mNG8107: The left side of this optional chain operation does not include 'null' or 'undefined' in its type, therefore the '?.' operator can be replaced with the '.' operator.[0m [1m[35m[plugin angular-compiler][0m
En C:\Program Files\nodejs\npm.ps1: 29 Carácter: 3
+   & $NODE_EXE $NPM_CLI_JS $args
+   ~~~~~~~~~~~~~~~~~~~~~~~~~~~~~
    + CategoryInfo          : NotSpecified: ([1m[33m[33mÔ...r-compiler][0m:String) [], RemoteException
    + FullyQualifiedErrorId : NativeCommandError
 

    src/app/ModuloInventario/Vista/kardex/kardex.component.html:64:32:
[37m      64 Ôöé ...<small>{{ registros[0]?.[32mmetodoValuacion[37m || 'Sin m├®todo' }}</sm...
         ÔòÁ                            [32m~~~~~~~~~~~~~~~[0m

  Error occurs in the template of component KardexComponent.

    src/app/ModuloInventario/Vista/kardex/kardex.component.ts:14:15:
[37m      14 Ôöé   templateUrl: [32m'./kardex.component.html'[37m,
         ÔòÁ                [32m~~~~~~~~~~~~~~~~~~~~~~~~~[0m


[33mÔû▓ [43;33m[[43;30mWARNING[43;33m][0m [1mbundle initial exceeded maximum budget. Budget 500.00 kB was not met by 1.24 MB with a total of 1.74 MB.[0m


[33mÔû▓ [43;33m[[43;30mWARNING[43;33m][0m [1msrc/app/ModuloVentas/Vista/direccion-cliente/direccion-cliente.component.css exceeded maximum budget. Budget 4.00 kB was not met by 1.46 kB with a total of 5.46 kB.[0m


[33mÔû▓ [43;33m[[43;30mWARNING[43;33m][0m [1msrc/app/ModuloInventario/Vista/linea-negocio/linea-negocio.component.css exceeded maximum budget. Budget 4.00 kB was not met by 1.04 kB with a total of 5.04 kB.[0m


[33mÔû▓ [43;33m[[43;30mWARNING[43;33m][0m [1msrc/app/ModuloEmpresa/Vista/proceso/proceso.component.css exceeded maximum budget. Budget 4.00 kB was not met by 957 bytes with a total of 4.96 kB.[0m


[33mÔû▓ [43;33m[[43;30mWARNING[43;33m][0m [1msrc/app/ModuloCompras/Vista/proveedor/proveedor.component.css exceeded maximum budget. Budget 4.00 kB was not met by 1.39 kB with a total of 5.38 kB.[0m


[33mÔû▓ [43;33m[[43;30mWARNING[43;33m][0m [1msrc/app/ModuloEmpleados/Vista/asignar-roles/asignar-roles.component.css exceeded maximum budget. Budget 4.00 kB was not met by 732 bytes with a total of 4.73 kB.[0m


[33mÔû▓ [43;33m[[43;30mWARNING[43;33m][0m [1msrc/app/ModuloInventario/Vista/producto-lote/producto-lote.component.css exceeded maximum budget. Budget 4.00 kB was not met by 1.12 kB with a total of 5.12 kB.[0m


[33mÔû▓ [43;33m[[43;30mWARNING[43;33m][0m [1msrc/app/ModuloInventario/Vista/producto-tipo/producto-tipo.component.css exceeded maximum budget. Budget 4.00 kB was not met by 955 bytes with a total of 4.96 kB.[0m


[33mÔû▓ [43;33m[[43;30mWARNING[43;33m][0m [1msrc/app/ModuloEmpresa/Vista/rol-proceso-permiso/rol-proceso-permiso.component.css exceeded maximum budget. Budget 4.00 kB was not met by 957 bytes with a total of 4.96 kB.[0m


[33mÔû▓ [43;33m[[43;30mWARNING[43;33m][0m [1msrc/app/ModuloInventario/Vista/producto-configuracion-contable/producto-configuracion-contable.component.css exceeded maximum budget. Budget 4.00 kB was not met by 176 bytes with a total of 4.18 kB.[0m


[33mÔû▓ [43;33m[[43;30mWARNING[43;33m][0m [1msrc/app/ModuloInventario/Vista/tipo-movimiento/tipo-movimiento.component.css exceeded maximum budget. Budget 4.00 kB was not met by 2.28 kB with a total of 6.28 kB.[0m


[33mÔû▓ [43;33m[[43;30mWARNING[43;33m][0m [1msrc/app/ModuloInventario/Vista/producto-existencias/producto-existencias.component.css exceeded maximum budget. Budget 4.00 kB was not met by 291 bytes with a total of 4.29 kB.[0m


[33mÔû▓ [43;33m[[43;30mWARNING[43;33m][0m [1msrc/app/ModuloEmpleados/Vista/roles/roles.component.css exceeded maximum budget. Budget 4.00 kB was not met by 358 bytes with a total of 4.36 kB.[0m


[33mÔû▓ [43;33m[[43;30mWARNING[43;33m][0m [1msrc/app/ModuloInventario/Vista/tipo-movimiento/tipo-movimiento.component.css exceeded maximum budget. Budget 4.00 kB was not met by 4.18 kB with a total of 8.18 kB.[0m


[33mÔû▓ [43;33m[[43;30mWARNING[43;33m][0m [1msrc/app/ModuloEmpresa/Vista/bodega/bodega.component.css exceeded maximum budget. Budget 4.00 kB was not met by 1.15 kB with a total of 5.15 kB.[0m


[33mÔû▓ [43;33m[[43;30mWARNING[43;33m][0m [1msrc/app/ModuloInventario/Vista/cuenta-contable/cuenta-contable.component.css exceeded maximum budget. Budget 4.00 kB was not met by 1.15 kB with a total of 5.15 kB.[0m


[33mÔû▓ [43;33m[[43;30mWARNING[43;33m][0m [1msrc/app/ModuloInventario/Vista/metodo-valuacion/metodo-valuacion.component.css exceeded maximum budget. Budget 4.00 kB was not met by 1.09 kB with a total of 5.09 kB.[0m


[33mÔû▓ [43;33m[[43;30mWARNING[43;33m][0m [1msrc/app/ModuloInventario/Vista/subcategoria/subcategoria.component.css exceeded maximum budget. Budget 4.00 kB was not met by 1.09 kB with a total of 5.09 kB.[0m


[33mÔû▓ [43;33m[[43;30mWARNING[43;33m][0m [1msrc/app/ModuloEmpresa/Vista/rol-empresa/rol-empresa.component.css exceeded maximum budget. Budget 4.00 kB was not met by 957 bytes with a total of 4.96 kB.[0m


[33mÔû▓ [43;33m[[43;30mWARNING[43;33m][0m [1msrc/app/ModuloInventario/Vista/producto/producto.component.css exceeded maximum budget. Budget 4.00 kB was not met by 1.78 kB with a total of 5.78 kB.[0m


[33mÔû▓ [43;33m[[43;30mWARNING[43;33m][0m [1msrc/app/ModuloEmpresa/Vista/persona-empresa-rol/persona-empresa-rol.component.css exceeded maximum budget. Budget 4.00 kB was not met by 957 bytes with a total of 4.96 kB.[0m


[33mÔû▓ [43;33m[[43;30mWARNING[43;33m][0m [1msrc/app/ModuloVentas/Vista/orden-venta/orden-venta.component.css exceeded maximum budget. Budget 4.00 kB was not met by 3.17 kB with a total of 7.17 kB.[0m


[33mÔû▓ [43;33m[[43;30mWARNING[43;33m][0m [1msrc/app/ModuloEmpresa/Vista/reporte-jerarquico/reporte-jerarquico.component.css exceeded maximum budget. Budget 4.00 kB was not met by 957 bytes with a total of 4.96 kB.[0m


[33mÔû▓ [43;33m[[43;30mWARNING[43;33m][0m [1msrc/app/ModuloEmpresa/Vista/unidad-organizacional/unidad-organizacional.component.css exceeded maximum budget. Budget 4.00 kB was not met by 957 bytes with a total of 4.96 kB.[0m


[33mÔû▓ [43;33m[[43;30mWARNING[43;33m][0m [1msrc/app/ModuloCompras/Vista/recepcion-inventario/recepcion-inventario.component.css exceeded maximum budget. Budget 4.00 kB was not met by 2.95 kB with a total of 6.95 kB.[0m


[33mÔû▓ [43;33m[[43;30mWARNING[43;33m][0m [1msrc/app/ModuloVentas/Vista/lista-precios/lista-precios.component.css exceeded maximum budget. Budget 4.00 kB was not met by 759 bytes with a total of 4.76 kB.[0m


[33mÔû▓ [43;33m[[43;30mWARNING[43;33m][0m [1msrc/app/ModuloEmpresa/Vista/accion-proceso/accion-proceso.component.css exceeded maximum budget. Budget 4.00 kB was not met by 957 bytes with a total of 4.96 kB.[0m


[33mÔû▓ [43;33m[[43;30mWARNING[43;33m][0m [1msrc/app/ModuloInventario/Vista/subgrupo/subgrupo.component.css exceeded maximum budget. Budget 4.00 kB was not met by 1.08 kB with a total of 5.08 kB.[0m


[33mÔû▓ [43;33m[[43;30mWARNING[43;33m][0m [1msrc/app/ModuloVentas/Vista/cotizacion/cotizacion.component.css exceeded maximum budget. Budget 4.00 kB was not met by 3.22 kB with a total of 7.22 kB.[0m


[33mÔû▓ [43;33m[[43;30mWARNING[43;33m][0m [1msrc/app/ModuloInventario/Vista/categoria/categoria.component.css exceeded maximum budget. Budget 4.00 kB was not met by 1.04 kB with a total of 5.04 kB.[0m


[33mÔû▓ [43;33m[[43;30mWARNING[43;33m][0m [1msrc/app/ModuloVentas/Vista/condicion-pago/condicion-pago.component.css exceeded maximum budget. Budget 4.00 kB was not met by 1.51 kB with a total of 5.51 kB.[0m


[33mÔû▓ [43;33m[[43;30mWARNING[43;33m][0m [1msrc/app/ModuloVentas/Vista/cliente/cliente.component.css exceeded maximum budget. Budget 4.00 kB was not met by 1.44 kB with a total of 5.44 kB.[0m


[33mÔû▓ [43;33m[[43;30mWARNING[43;33m][0m [1msrc/app/ModuloVentas/Vista/nota-credito/nota-credito.component.css exceeded maximum budget. Budget 4.00 kB was not met by 1.74 kB with a total of 5.74 kB.[0m


[33mÔû▓ [43;33m[[43;30mWARNING[43;33m][0m [1msrc/app/ModuloVentas/Vista/despacho/despacho.component.css exceeded maximum budget. Budget 4.00 kB was not met by 2.83 kB with a total of 6.83 kB.[0m


[33mÔû▓ [43;33m[[43;30mWARNING[43;33m][0m [1msrc/app/ModuloInventario/Vista/tipo-movimiento/tipo-movimiento.component.css exceeded maximum budget. Budget 4.00 kB was not met by 1.82 kB with a total of 5.82 kB.[0m


[33mÔû▓ [43;33m[[43;30mWARNING[43;33m][0m [1msrc/app/ModuloVentas/Vista/detalle-nota-credito/detalle-nota-credito.component.css exceeded maximum budget. Budget 4.00 kB was not met by 1.40 kB with a total of 5.40 kB.[0m


[33mÔû▓ [43;33m[[43;30mWARNING[43;33m][0m [1msrc/app/ModuloVentas/Vista/tipo-cliente/tipo-cliente.component.css exceeded maximum budget. Budget 4.00 kB was not met by 469 bytes with a total of 4.47 kB.[0m


[33mÔû▓ [43;33m[[43;30mWARNING[43;33m][0m [1msrc/app/ModuloEmpresa/Vista/bodega-responsable/bodega-responsable.component.css exceeded maximum budget. Budget 4.00 kB was not met by 1.05 kB with a total of 5.05 kB.[0m


[33mÔû▓ [43;33m[[43;30mWARNING[43;33m][0m [1msrc/app/ModuloVentas/Vista/precio-producto/precio-producto.component.css exceeded maximum budget. Budget 4.00 kB was not met by 920 bytes with a total of 4.92 kB.[0m


[33mÔû▓ [43;33m[[43;30mWARNING[43;33m][0m [1msrc/app/ModuloEmpresa/Vista/permiso-directo-personal/permiso-directo-personal.component.css exceeded maximum budget. Budget 4.00 kB was not met by 957 bytes with a total of 4.96 kB.[0m


[33mÔû▓ [43;33m[[43;30mWARNING[43;33m][0m [1msrc/app/ModuloCompras/Vista/detalle-recepcion/detalle-recepcion.component.css exceeded maximum budget. Budget 4.00 kB was not met by 1.94 kB with a total of 5.94 kB.[0m


[33mÔû▓ [43;33m[[43;30mWARNING[43;33m][0m [1msrc/app/ModuloEmpresa/Vista/persona-empresa/persona-empresa.component.css exceeded maximum budget. Budget 4.00 kB was not met by 1.04 kB with a total of 5.04 kB.[0m


[33mÔû▓ [43;33m[[43;30mWARNING[43;33m][0m [1msrc/app/ModuloInventario/Vista/grupo/grupo.component.css exceeded maximum budget. Budget 4.00 kB was not met by 1.03 kB with a total of 5.03 kB.[0m


[33mÔû▓ [43;33m[[43;30mWARNING[43;33m][0m [1msrc/app/ModuloCompras/Vista/orden-compra/orden-compra.component.css exceeded maximum budget. Budget 4.00 kB was not met by 3.14 kB with a total of 7.14 kB.[0m


[33mÔû▓ [43;33m[[43;30mWARNING[43;33m][0m [1msrc/app/ModuloVentas/Vista/cobro/cobro.component.css exceeded maximum budget. Budget 4.00 kB was not met by 2.62 kB with a total of 6.62 kB.[0m


[33mÔû▓ [43;33m[[43;30mWARNING[43;33m][0m [1msrc/app/ModuloVentas/Vista/contacto-cliente/contacto-cliente.component.css exceeded maximum budget. Budget 4.00 kB was not met by 1.46 kB with a total of 5.46 kB.[0m


[33mÔû▓ [43;33m[[43;30mWARNING[43;33m][0m [1msrc/app/ModuloVentas/Vista/zona-venta/zona-venta.component.css exceeded maximum budget. Budget 4.00 kB was not met by 467 bytes with a total of 4.47 kB.[0m


[33mÔû▓ [43;33m[[43;30mWARNING[43;33m][0m [1msrc/app/ModuloEmpleados/Vista/permisos-rol/permisos-rol.component.css exceeded maximum budget. Budget 4.00 kB was not met by 94 bytes with a total of 4.09 kB.[0m


[33mÔû▓ [43;33m[[43;30mWARNING[43;33m][0m [1msrc/app/ModuloEmpresa/Vista/empresa/empresa.component.css exceeded maximum budget. Budget 4.00 kB was not met by 957 bytes with a total of 4.96 kB.[0m


[33mÔû▓ [43;33m[[43;30mWARNING[43;33m][0m [1msrc/app/ModuloVentas/Vista/cuentas-cobrar/cuentas-cobrar.component.css exceeded maximum budget. Budget 4.00 kB was not met by 1.92 kB with a total of 5.92 kB.[0m


[33mÔû▓ [43;33m[[43;30mWARNING[43;33m][0m [1msrc/app/ModuloVentas/Vista/detalle-cobro/detalle-cobro.component.css exceeded maximum budget. Budget 4.00 kB was not met by 1.68 kB with a total of 5.68 kB.[0m


[33mÔû▓ [43;33m[[43;30mWARNING[43;33m][0m [1msrc/app/ModuloVentas/Vista/factura/factura.component.css exceeded maximum budget. Budget 4.00 kB was not met by 1.33 kB with a total of 5.33 kB.[0m


[33mÔû▓ [43;33m[[43;30mWARNING[43;33m][0m [1msrc/app/Compartido/menu/menu.component.css exceeded maximum budget. Budget 4.00 kB was not met by 543 bytes with a total of 4.54 kB.[0m


[33mÔû▓ [43;33m[[43;30mWARNING[43;33m][0m [1msrc/app/ModuloVentas/Vista/detalle-cotizacion/detalle-cotizacion.component.css exceeded maximum budget. Budget 4.00 kB was not met by 990 bytes with a total of 4.99 kB.[0m


[33mÔû▓ [43;33m[[43;30mWARNING[43;33m][0m [1msrc/app/ModuloVentas/Vista/forma-pago/forma-pago.component.css exceeded maximum budget. Budget 4.00 kB was not met by 1.31 kB with a total of 5.31 kB.[0m


[33mÔû▓ [43;33m[[43;30mWARNING[43;33m][0m [1msrc/app/ModuloEmpleados/Vista/empleados/empleados.component.css exceeded maximum budget. Budget 4.00 kB was not met by 1.70 kB with a total of 5.70 kB.[0m


[33mÔû▓ [43;33m[[43;30mWARNING[43;33m][0m [1msrc/app/ModuloInventario/Vista/centro-costos/centro-costos.component.css exceeded maximum budget. Budget 4.00 kB was not met by 1.15 kB with a total of 5.15 kB.[0m


[33mÔû▓ [43;33m[[43;30mWARNING[43;33m][0m [1msrc/app/ModuloInventario/Vista/tipo-movimiento/tipo-movimiento.component.css exceeded maximum budget. Budget 4.00 kB was not met by 4.00 kB with a total of 8.00 kB.[0m


[33mÔû▓ [43;33m[[43;30mWARNING[43;33m][0m [1mModule 'sweetalert2' used by 'src/app/Compartido/services/notification.service.ts' is not ESM[0m

  CommonJS or AMD dependencies can cause optimization bailouts.
  For more information see: [4mhttps://angular.dev/tools/cli/build#configuring-commonjs-dependencies[0m

[39m[22m
[1m[31m[31mX [41;31m[[41;97mERROR[41;31m][0m [1mbundle initial exceeded maximum budget. Budget 1.00 MB was not met by 736.53 kB with a total of 1.74 MB.[0m


[31mX [41;31m[[41;97mERROR[41;31m][0m [1msrc/app/ModuloInventario/Vista/tipo-movimiento/tipo-movimiento.component.css exceeded maximum budget. Budget 8.00 kB was not met by 184 bytes with a total of 8.18 kB.[0m

[39m[22m
